// Jest Snapshot v1, https://goo.gl/fbAQLP

exports[`<SelectProfileContainer /> renders <SelectProfileContainer /> with populated data 1`] = `
<div
  class="header__Container-sc-1v45rsj-1 eSeMKt"
>
  <a
    href="/"
  >
    <img
      alt="Netflix"
      class="header__Logo-sc-1v45rsj-6 kbpjKE"
      data-testid="header-bg"
      src="logo.svg"
    />
  </a>
</div>
`;
